[themesboss.com/pioted/solid_9.html]
[backblue.gif]
[fade.gif]
[index.html]
[themesboss.com/pioted/images/favicon.ico]
[themesboss.com/pioted/index.html]
[themesboss.com/pioted/images/logo-light.png]
[themesboss.com/pioted/images/features-1.png]
[themesboss.com/pioted/images/features-2.png]
[themesboss.com/pioted/images/video-img.png]
[themesboss.com/pioted/images/screenshot/screen-1.jpg]
[themesboss.com/pioted/images/screenshot/screen-2.jpg]
[themesboss.com/pioted/images/screenshot/screen-3.jpg]
[themesboss.com/pioted/images/screenshot/screen-4.jpg]
[themesboss.com/pioted/images/screenshot/screen-5.jpg]
[themesboss.com/pioted/images/screenshot/screen-6.jpg]
[themesboss.com/pioted/images/testi/testi-1.jpg]
[themesboss.com/pioted/images/clients/1.png]
[themesboss.com/pioted/images/clients/2.png]
[themesboss.com/pioted/images/clients/3.png]
[themesboss.com/pioted/images/clients/4.png]
[themesboss.com/pioted/images/clients/5.png]
[themesboss.com/pioted/images/clients/6.png]
[themesboss.com/pioted/images/team/team-1.png]
[themesboss.com/pioted/images/team/team-2.png]
[themesboss.com/pioted/images/team/team-3.png]
[themesboss.com/pioted/images/team/team-4.png]
[themesboss.com/pioted/js/jquery.min.js]
[themesboss.com/pioted/js/popper.min.js]
[themesboss.com/pioted/js/bootstrap.min.js]
[themesboss.com/pioted/js/jquery.easing.min.js]
[themesboss.com/pioted/js/scrollspy.min.js]
[themesboss.com/pioted/js/owl.carousel.min.js]
[themesboss.com/pioted/js/particles.js]
[themesboss.com/pioted/js/particles.app.js]
[themesboss.com/pioted/js/jquery.magnific-popup.min.js]
[themesboss.com/pioted/js/custom.js]
[themesboss.com/pioted/solid_9.html]
[themesboss.com/pioted/css/bootstrap.min.css]
[themesboss.com/pioted/fonts/materialdesignicons-webfonte761.eot]
[themesboss.com/pioted/fonts/materialdesignicons-webfontd41d.eot]
[themesboss.com/pioted/fonts/materialdesignicons-webfonte761.woff2]
[themesboss.com/pioted/fonts/materialdesignicons-webfonte761.woff]
[themesboss.com/pioted/fonts/materialdesignicons-webfonte761.ttf]
[themesboss.com/pioted/css/materialdesignicons.min.css]
[themesboss.com/pioted/fonts/mobirise73ab.ttf]
[themesboss.com/pioted/fonts/mobirise73ab.woff]
[themesboss.com/pioted/css/mobiriseicons.css]
[themesboss.com/pioted/css/magnific-popup.css]
[themesboss.com/pioted/css/animate.min.css]
[themesboss.com/pioted/css/owl.carousel.css]
[themesboss.com/pioted/css/owl.theme.css]
[themesboss.com/pioted/css/owl.transitions.css]
[themesboss.com/pioted/images/home-bg-3.jpg]
[themesboss.com/pioted/images/pettern.png]
[themesboss.com/pioted/images/img-1.jpg]
[themesboss.com/pioted/css/style.css]
[themesboss.com/pioted/images/logo.png]
[themesboss.com/pioted/solid_1.html]
[themesboss.com/pioted/assets/images/demo/1.png]
[themesboss.com/pioted/solid_2.html]
[themesboss.com/pioted/assets/images/demo/2.png]
[themesboss.com/pioted/solid_3.html]
[themesboss.com/pioted/assets/images/demo/3.png]
[themesboss.com/pioted/solid_4.html]
[themesboss.com/pioted/assets/images/demo/4.png]
[themesboss.com/pioted/solid_5.html]
[themesboss.com/pioted/assets/images/demo/5.png]
[themesboss.com/pioted/solid_6.html]
[themesboss.com/pioted/assets/images/demo/6.png]
[themesboss.com/pioted/solid_7.html]
[themesboss.com/pioted/assets/images/demo/7.png]
[themesboss.com/pioted/solid_8.html]
[themesboss.com/pioted/assets/images/demo/8.png]
[themesboss.com/pioted/assets/images/demo/9.png]
[themesboss.com/pioted/signup_solid.html]
[themesboss.com/pioted/assets/images/demo/signup_solid.png]
[themesboss.com/pioted/login_solid.html]
[themesboss.com/pioted/assets/images/demo/login_solid.png]
[themesboss.com/pioted/forgot_solid.html]
[themesboss.com/pioted/assets/images/demo/forgot_solid.png]
[themesboss.com/pioted/image_1.html]
[themesboss.com/pioted/assets/images/demo/10.png]
[themesboss.com/pioted/image_2.html]
[themesboss.com/pioted/assets/images/demo/11.png]
[themesboss.com/pioted/image_3.html]
[themesboss.com/pioted/assets/images/demo/12.png]
[themesboss.com/pioted/image_4.html]
[themesboss.com/pioted/assets/images/demo/13.png]
[themesboss.com/pioted/image_5.html]
[themesboss.com/pioted/assets/images/demo/14.png]
[themesboss.com/pioted/image_6.html]
[themesboss.com/pioted/assets/images/demo/15.png]
[themesboss.com/pioted/image_7.html]
[themesboss.com/pioted/assets/images/demo/16.png]
[themesboss.com/pioted/image_8.html]
[themesboss.com/pioted/assets/images/demo/17.png]
[themesboss.com/pioted/image_9.html]
[themesboss.com/pioted/assets/images/demo/18.png]
[themesboss.com/pioted/signup_img.html]
[themesboss.com/pioted/assets/images/demo/signup_img.png]
[themesboss.com/pioted/login_img.html]
[themesboss.com/pioted/assets/images/demo/login_img.png]
[themesboss.com/pioted/forgot_img.html]
[themesboss.com/pioted/assets/images/demo/forgot_img.png]
[themesboss.com/pioted/gradient_1.html]
[themesboss.com/pioted/assets/images/demo/19.png]
[themesboss.com/pioted/gradient_2.html]
[themesboss.com/pioted/assets/images/demo/20.png]
[themesboss.com/pioted/gradient_3.html]
[themesboss.com/pioted/assets/images/demo/21.png]
[themesboss.com/pioted/gradient_4.html]
[themesboss.com/pioted/assets/images/demo/22.png]
[themesboss.com/pioted/gradient_5.html]
[themesboss.com/pioted/assets/images/demo/23.png]
[themesboss.com/pioted/gradient_6.html]
[themesboss.com/pioted/assets/images/demo/24.png]
[themesboss.com/pioted/gradient_7.html]
[themesboss.com/pioted/assets/images/demo/25.png]
[themesboss.com/pioted/gradient_8.html]
[themesboss.com/pioted/assets/images/demo/26.png]
[themesboss.com/pioted/gradient_9.html]
[themesboss.com/pioted/assets/images/demo/27.png]
[themesboss.com/pioted/signup_gradient.html]
[themesboss.com/pioted/assets/images/demo/signup_gradient.png]
[themesboss.com/pioted/login_gradient.html]
[themesboss.com/pioted/assets/images/demo/login_gradient.png]
[themesboss.com/pioted/forgot_gradient.html]
[themesboss.com/pioted/assets/images/demo/forgot_gradient.png]
[themesboss.com/pioted/pattern_1.html]
[themesboss.com/pioted/assets/images/demo/28.png]
[themesboss.com/pioted/pattern_2.html]
[themesboss.com/pioted/assets/images/demo/29.png]
[themesboss.com/pioted/pattern_3.html]
[themesboss.com/pioted/assets/images/demo/30.png]
[themesboss.com/pioted/pattern_4.html]
[themesboss.com/pioted/assets/images/demo/31.png]
[themesboss.com/pioted/pattern_5.html]
[themesboss.com/pioted/assets/images/demo/32.png]
[themesboss.com/pioted/pattern_6.html]
[themesboss.com/pioted/assets/images/demo/33.png]
[themesboss.com/pioted/assets/images/demo/34.png]
[themesboss.com/pioted/pattern_7.html]
[themesboss.com/pioted/assets/images/demo/35.png]
[themesboss.com/pioted/pattern_9.html]
[themesboss.com/pioted/assets/images/demo/36.png]
[themesboss.com/pioted/signup_pattern.html]
[themesboss.com/pioted/assets/images/demo/signup_pattern.png]
[themesboss.com/pioted/pattern_8.html]
[themesboss.com/pioted/login_pattern.html]
[themesboss.com/pioted/assets/images/demo/login_pattern.png]
[themesboss.com/pioted/forgot_pattern.html]
[themesboss.com/pioted/assets/images/demo/forgot_pattern.png]
[themesboss.com/pioted/video_1.html]
[themesboss.com/pioted/assets/images/demo/37.png]
[themesboss.com/pioted/video_2.html]
[themesboss.com/pioted/assets/images/demo/38.png]
[themesboss.com/pioted/video_3.html]
[themesboss.com/pioted/assets/images/demo/39.png]
[themesboss.com/pioted/video_4.html]
[themesboss.com/pioted/assets/images/demo/40.png]
[themesboss.com/pioted/video_5.html]
[themesboss.com/pioted/assets/images/demo/41.png]
[themesboss.com/pioted/video_6.html]
[themesboss.com/pioted/assets/images/demo/42.png]
[themesboss.com/pioted/video_7.html]
[themesboss.com/pioted/assets/images/demo/43.png]
[themesboss.com/pioted/video_8.html]
[themesboss.com/pioted/assets/images/demo/44.png]
[themesboss.com/pioted/video_9.html]
[themesboss.com/pioted/assets/images/demo/45.png]
[themesboss.com/pioted/assets/js/jquery.min.js]
[themesboss.com/pioted/assets/js/popper.min.js]
[themesboss.com/pioted/assets/js/bootstrap.min.js]
[themesboss.com/pioted/index.html]
[themesboss.com/pioted/fonts/materialdesignicons-webfonte761.html]
[themesboss.com/pioted/fonts/MobiriseIcons73ab.html]
[themesboss.com/pioted/fonts/MobiriseIcons73ab-2.html]
[themesboss.com/pioted/css/AjaxLoader.html]
[themesboss.com/pioted/assets/css/bootstrap.min.css]
[themesboss.com/pioted/assets/css/demo.css]
[themesboss.com/pioted/solid_1.html]
[themesboss.com/pioted/solid_2.html]
[themesboss.com/pioted/solid_3.html]
[themesboss.com/pioted/js/jquery.simple-text-rotator.js]
[themesboss.com/pioted/solid_4.html]
[themesboss.com/pioted/js/typed.js]
[themesboss.com/pioted/solid_5.html]
[themesboss.com/pioted/images/macbook.png]
[themesboss.com/pioted/solid_6.html]
[themesboss.com/pioted/images/side-mockup.png]
[themesboss.com/pioted/solid_7.html]
[themesboss.com/pioted/js/aos.js]
[themesboss.com/pioted/solid_8.html]
[themesboss.com/pioted/signup_solid.html]
[themesboss.com/pioted/login_solid.html]
[themesboss.com/pioted/forgot_solid.html]
[themesboss.com/pioted/image_1.html]
[themesboss.com/pioted/image_2.html]
[themesboss.com/pioted/image_3.html]
[themesboss.com/pioted/image_4.html]
[themesboss.com/pioted/image_5.html]
[themesboss.com/pioted/image_6.html]
[themesboss.com/pioted/image_7.html]
[themesboss.com/pioted/image_8.html]
[themesboss.com/pioted/image_9.html]
[themesboss.com/pioted/signup_img.html]
[themesboss.com/pioted/login_img.html]
[themesboss.com/pioted/forgot_img.html]
[themesboss.com/pioted/gradient_1.html]
[themesboss.com/pioted/gradient_2.html]
[themesboss.com/pioted/gradient_3.html]
[themesboss.com/pioted/gradient_4.html]
[themesboss.com/pioted/gradient_5.html]
[themesboss.com/pioted/gradient_6.html]
[themesboss.com/pioted/gradient_7.html]
[themesboss.com/pioted/gradient_8.html]
[themesboss.com/pioted/gradient_9.html]
[themesboss.com/pioted/signup_gradient.html]
[themesboss.com/pioted/login_gradient.html]
[themesboss.com/pioted/forgot_gradient.html]
[themesboss.com/pioted/pattern_1.html]
[themesboss.com/pioted/pattern_2.html]
[themesboss.com/pioted/pattern_3.html]
[themesboss.com/pioted/pattern_4.html]
[themesboss.com/pioted/pattern_5.html]
[themesboss.com/pioted/pattern_6.html]
[themesboss.com/pioted/pattern_7.html]
[themesboss.com/pioted/pattern_8.html]
[themesboss.com/pioted/pattern_9.html]
[themesboss.com/pioted/signup_pattern.html]
[themesboss.com/pioted/login_pattern.html]
[themesboss.com/pioted/forgot_pattern.html]
[themesboss.com/pioted/js/jquery.mb.YTPlayer.js]
[themesboss.com/pioted/video_1.html]
[themesboss.com/pioted/video_2.html]
[themesboss.com/pioted/video_3.html]
[themesboss.com/pioted/video_4.html]
[themesboss.com/pioted/video_5.html]
[themesboss.com/pioted/video_6.html]
[themesboss.com/pioted/video_7.html]
[themesboss.com/pioted/video_8.html]
[themesboss.com/pioted/video_9.html]
[themesboss.com/pioted/css/aos.css]
[themesboss.com/pioted/css/ytplayer.css]
[themesboss.com/pioted/css/ytp-regular.html]
[themesboss.com/pioted/css/ytp-regular-2.html]
[themesboss.com/pioted/images/raster.html]
[themesboss.com/pioted/images/raster@2x.html]
[themesboss.com/pioted/images/raster_dot.html]
[themesboss.com/pioted/images/raster_dot@2x.html]
